mvn.cmd : WARNING: A restricted method in 
java.lang.System has been called
At line:1 char:1
+ & "$env:TEMP\maven\apache-maven-3.9.6\bin\mvn.
cmd" -U clean compile > ...
+ ~~~~~~~~~~~~~~~~~~~~~~~~~~~~~~~~~~~~~~~~~~~~~~
~~~~~~~~~~~~~~~~~~~~~~~
    + CategoryInfo          : NotSpecified: (WA 
   RNING: A rest...has been called:String) [],  
   RemoteException
    + FullyQualifiedErrorId : NativeCommandErro 
   r
 
WARNING: java.lang.System::load has been called 
by org.fusesource.jansi.internal.JansiLoader in 
an unnamed module (file:/C:/Users/chani/AppData/
Local/Temp/maven/apache-maven-3.9.6/lib/jansi-2.
4.0.jar)
WARNING: Use --enable-native-access=ALL-UNNAMED 
to avoid a warning for callers in this module
WARNING: Restricted methods will be blocked in 
a future release unless native access is enabled

WARNING: A terminally deprecated method in 
sun.misc.Unsafe has been called
WARNING: sun.misc.Unsafe::objectFieldOffset has 
been called by com.google.common.util.concurrent
.AbstractFuture$UnsafeAtomicHelper (file:/C:/Use
rs/chani/AppData/Local/Temp/maven/apache-maven-3
.9.6/lib/guava-32.0.1-jre.jar)
WARNING: Please consider reporting this to the 
maintainers of class com.google.common.util.conc
urrent.AbstractFuture$UnsafeAtomicHelper
WARNING: sun.misc.Unsafe::objectFieldOffset 
will be removed in a future release
[INFO] Scanning for projects...
[INFO] 
[INFO] ------------------< com.smartcampus:smart-campus-hub >------------------
[INFO] Building Smart Campus Operations Hub 1.0.0
[INFO]   from pom.xml
[INFO] --------------------------------[ jar ]---------------------------------
Downloading from central: https://repo.maven.apache.org/maven2/org/apache/maven/plugins/maven-clean-plugin/3.3.2/maven-clean-plugin-3.3.2.pom
Progress (1): 798 B
Progress (1): 1.7 kB
Progress (1): 4.4 kB
Progress (1): 5.3 kB
                    
Downloaded from central: https://repo.maven.apache.org/maven2/org/apache/maven/plugins/maven-clean-plugin/3.3.2/maven-clean-plugin-3.3.2.pom (5.3 kB at 6.3 kB/s)
Downloading from central: https://repo.maven.apache.org/maven2/org/apache/maven/plugins/maven-plugins/40/maven-plugins-40.pom
Progress (1): 773 B
Progress (1): 1.8 kB
Progress (1): 4.2 kB
Progress (1): 6.6 kB
Progress (1): 8.1 kB
                    
Downloaded from central: https://repo.maven.apache.org/maven2/org/apache/maven/plugins/maven-plugins/40/maven-plugins-40.pom (8.1 kB at 102 kB/s)
Downloading from central: https://repo.maven.apache.org/maven2/org/apache/maven/maven-parent/40/maven-parent-40.pom
Progress (1): 727 B
Progress (1): 1.6 kB
Progress (1): 4.2 kB
Progress (1): 8.7 kB
Progress (1): 12 kB 
Progress (1): 16 kB
Progress (1): 21 kB
Progress (1): 24 kB
Progress (1): 27 kB
Progress (1): 28 kB
Progress (1): 30 kB
Progress (1): 33 kB
Progress (1): 36 kB
Progress (1): 39 kB
Progress (1): 41 kB
Progress (1): 45 kB
Progress (1): 49 kB
                   
Downloaded from central: https://repo.maven.apache.org/maven2/org/apache/maven/maven-parent/40/maven-parent-40.pom (49 kB at 462 kB/s)
[INFO] 
[INFO] --- clean:3.3.2:clean (default-clean) @ smart-campus-hub ---
Downloading from central: https://repo.maven.apache.org/maven2/org/codehaus/plexus/plexus-utils/4.0.0/plexus-utils-4.0.0.pom
Progress (1): 724 B
Progress (1): 1.8 kB
Progress (1): 3.9 kB
Progress (1): 8.3 kB
Progress (1): 8.7 kB
                    
Downloaded from central: https://repo.maven.apache.org/maven2/org/codehaus/plexus/plexus-utils/4.0.0/plexus-utils-4.0.0.pom (8.7 kB at 106 kB/s)
Downloading from central: https://repo.maven.apache.org/maven2/org/codehaus/plexus/plexus/13/plexus-13.pom
Progress (1): 693 B
Progress (1): 1.7 kB
Progress (1): 5.3 kB
Progress (1): 8.3 kB
Progress (1): 9.6 kB
Progress (1): 11 kB 
Progress (1): 16 kB
Progress (1): 18 kB
Progress (1): 21 kB
Progress (1): 26 kB
Progress (1): 27 kB
                   
Downloaded from central: https://repo.maven.apache.org/maven2/org/codehaus/plexus/plexus/13/plexus-13.pom (27 kB at 249 kB/s)
Downloading from central: https://repo.maven.apache.org/maven2/org/codehaus/plexus/plexus-utils/4.0.0/plexus-utils-4.0.0.jar
Progress (1): 0.9/192 kB
Progress (1): 2.3/192 kB
Progress (1): 3.6/192 kB
Progress (1): 5.0/192 kB
Progress (1): 6.4/192 kB
Progress (1): 7.7/192 kB
Progress (1): 9.1/192 kB
Progress (1): 10/192 kB 
Progress (1): 12/192 kB
Progress (1): 13/192 kB
Progress (1): 15/192 kB
Progress (1): 16/192 kB
Progress (1): 16/192 kB
Progress (1): 18/192 kB
Progress (1): 19/192 kB
Progress (1): 20/192 kB
Progress (1): 22/192 kB
Progress (1): 23/192 kB
Progress (1): 25/192 kB
Progress (1): 26/192 kB
Progress (1): 30/192 kB
Progress (1): 33/192 kB
Progress (1): 37/192 kB
Progress (1): 41/192 kB
Progress (1): 45/192 kB
Progress (1): 49/192 kB
Progress (1): 53/192 kB
Progress (1): 58/192 kB
Progress (1): 62/192 kB
Progress (1): 66/192 kB
Progress (1): 70/192 kB
Progress (1): 74/192 kB
Progress (1): 78/192 kB
Progress (1): 82/192 kB
Progress (1): 87/192 kB
Progress (1): 91/192 kB
Progress (1): 95/192 kB
Progress (1): 98/192 kB
Progress (1): 103/192 kB
Progress (1): 107/192 kB
Progress (1): 111/192 kB
Progress (1): 115/192 kB
Progress (1): 119/192 kB
Progress (1): 124/192 kB
Progress (1): 128/192 kB
Progress (1): 132/192 kB
Progress (1): 136/192 kB
Progress (1): 141/192 kB
Progress (1): 145/192 kB
Progress (1): 147/192 kB
Progress (1): 152/192 kB
Progress (1): 156/192 kB
Progress (1): 160/192 kB
Progress (1): 164/192 kB
Progress (1): 169/192 kB
Progress (1): 173/192 kB
Progress (1): 177/192 kB
Progress (1): 181/192 kB
Progress (1): 186/192 kB
Progress (1): 190/192 kB
Progress (1): 192 kB    
                    
Downloaded from central: https://repo.maven.apache.org/maven2/org/codehaus/plexus/plexus-utils/4.0.0/plexus-utils-4.0.0.jar (192 kB at 1.1 MB/s)
[INFO] Deleting C:\Users\chani\OneDrive\Desktop\spring\project\backend\target
[INFO] 
[INFO] --- resources:3.3.1:resources (default-resources) @ smart-campus-hub ---
[INFO] Copying 1 resource from src\main\resources to target\classes
[INFO] Copying 0 resource from src\main\resources to target\classes
[INFO] 
[INFO] --- compiler:3.11.0:compile (default-compile) @ smart-campus-hub ---
[INFO] Changes detected - recompiling the module! :source
[INFO] Compiling 53 source files with javac [debug release 21] to target\classes
[INFO] -------------------------------------------------------------
[ERROR] COMPILATION ERROR : 
[INFO] -------------------------------------------------------------
[ERROR] /C:/Users/chani/OneDrive/Desktop/spring/project/backend/src/main/java/com/smartcampus/modules/comments/service/CommentService.java:[32,58] cannot find symbol
  symbol:   method getTicketId()
  location: variable request of type com.smartcampus.modules.comments.dto.CommentRequest
[ERROR] /C:/Users/chani/OneDrive/Desktop/spring/project/backend/src/main/java/com/smartcampus/modules/comments/service/CommentService.java:[35,34] cannot find symbol
  symbol:   method builder()
  location: class com.smartcampus.modules.comments.entity.Comment
[ERROR] /C:/Users/chani/OneDrive/Desktop/spring/project/backend/src/main/java/com/smartcampus/modules/comments/service/CommentService.java:[36,34] cannot find symbol
  symbol:   method getTicketId()
  location: variable request of type com.smartcampus.modules.comments.dto.CommentRequest
[ERROR] /C:/Users/chani/OneDrive/Desktop/spring/project/backend/src/main/java/com/smartcampus/modules/comments/service/CommentService.java:[38,33] cannot find symbol
  symbol:   method getMessage()
  location: variable request of type com.smartcampus.modules.comments.dto.CommentRequest
[ERROR] /C:/Users/chani/OneDrive/Desktop/spring/project/backend/src/main/java/com/smartcampus/modules/comments/service/CommentService.java:[46,20] cannot find symbol
  symbol:   method getCreatedBy()
  location: variable ticket of type com.smartcampus.modules.tickets.entity.Ticket
[ERROR] /C:/Users/chani/OneDrive/Desktop/spring/project/backend/src/main/java/com/smartcampus/modules/comments/service/CommentService.java:[48,26] invalid method reference
  cannot find symbol
    symbol:   method getFullName()
    location: class com.smartcampus.modules.users.entity.User
[ERROR] /C:/Users/chani/OneDrive/Desktop/spring/project/backend/src/main/java/com/smartcampus/modules/comments/service/CommentService.java:[50,72] cannot find symbol
  symbol:   method getTitle()
  location: variable ticket of type com.smartcampus.modules.tickets.entity.Ticket
[ERROR] /C:/Users/chani/OneDrive/Desktop/spring/project/backend/src/main/java/com/smartcampus/modules/comments/service/CommentService.java:[49,46] cannot find symbol
  symbol:   method getCreatedBy()
  location: variable ticket of type com.smartcampus.modules.tickets.entity.Ticket
[ERROR] /C:/Users/chani/OneDrive/Desktop/spring/project/backend/src/main/java/com/smartcampus/modules/comments/service/CommentService.java:[65,21] cannot find symbol
  symbol:   method getAuthorId()
  location: variable comment of type com.smartcampus.modules.comments.entity.Comment
[ERROR] /C:/Users/chani/OneDrive/Desktop/spring/project/backend/src/main/java/com/smartcampus/modules/comments/service/CommentService.java:[69,16] cannot find symbol
  symbol:   method setMessage(java.lang.String)
  location: variable comment of type com.smartcampus.modules.comments.entity.Comment
[ERROR] /C:/Users/chani/OneDrive/Desktop/spring/project/backend/src/main/java/com/smartcampus/modules/comments/service/CommentService.java:[70,16] cannot find symbol
  symbol:   method setUpdatedAt(java.time.LocalDateTime)
  location: variable comment of type com.smartcampus.modules.comments.entity.Comment
[ERROR] /C:/Users/chani/OneDrive/Desktop/spring/project/backend/src/main/java/com/smartcampus/modules/comments/service/CommentService.java:[79,21] cannot find symbol
  symbol:   method getAuthorId()
  location: variable comment of type com.smartcampus.modules.comments.entity.Comment
[ERROR] /C:/Users/chani/OneDrive/Desktop/spring/project/backend/src/main/java/com/smartcampus/modules/comments/service/CommentService.java:[87,60] cannot find symbol
  symbol:   method getAuthorId()
  location: variable comment of type com.smartcampus.modules.comments.entity.Comment
[ERROR] /C:/Users/chani/OneDrive/Desktop/spring/project/backend/src/main/java/com/smartcampus/modules/comments/service/CommentService.java:[88,22] invalid method reference
  cannot find symbol
    symbol:   method getFullName()
    location: class com.smartcampus.modules.users.entity.User
[ERROR] /C:/Users/chani/OneDrive/Desktop/spring/project/backend/src/main/java/com/smartcampus/modules/comments/service/CommentService.java:[90,31] cannot find symbol
  symbol:   method builder()
  location: class com.smartcampus.modules.comments.dto.CommentResponse
[ERROR] /C:/Users/chani/OneDrive/Desktop/spring/project/backend/src/main/java/com/smartcampus/modules/comments/service/CommentService.java:[91,28] cannot find symbol
  symbol:   method getId()
  location: variable comment of type com.smartcampus.modules.comments.entity.Comment
[ERROR] /C:/Users/chani/OneDrive/Desktop/spring/project/backend/src/main/java/com/smartcampus/modules/comments/service/CommentService.java:[92,34] cannot find symbol
  symbol:   method getTicketId()
  location: variable comment of type com.smartcampus.modules.comments.entity.Comment
[ERROR] /C:/Users/chani/OneDrive/Desktop/spring/project/backend/src/main/java/com/smartcampus/modules/comments/service/CommentService.java:[93,34] cannot find symbol
  symbol:   method getAuthorId()
  location: variable comment of type com.smartcampus.modules.comments.entity.Comment
[ERROR] /C:/Users/chani/OneDrive/Desktop/spring/project/backend/src/main/java/com/smartcampus/modules/comments/service/CommentService.java:[95,33] cannot find symbol
  symbol:   method getMessage()
  location: variable comment of type com.smartcampus.modules.comments.entity.Comment
[ERROR] /C:/Users/chani/OneDrive/Desktop/spring/project/backend/src/main/java/com/smartcampus/modules/comments/service/CommentService.java:[96,35] cannot find symbol
  symbol:   method getCreatedAt()
  location: variable comment of type com.smartcampus.modules.comments.entity.Comment
[ERROR] /C:/Users/chani/OneDrive/Desktop/spring/project/backend/src/main/java/com/smartcampus/modules/comments/service/CommentService.java:[96,68] cannot find symbol
  symbol:   method getCreatedAt()
  location: variable comment of type com.smartcampus.modules.comments.entity.Comment
[ERROR] /C:/Users/chani/OneDrive/Desktop/spring/project/backend/src/main/java/com/smartcampus/modules/comments/service/CommentService.java:[97,35] cannot find symbol
  symbol:   method getUpdatedAt()
  location: variable comment of type com.smartcampus.modules.comments.entity.Comment
[ERROR] /C:/Users/chani/OneDrive/Desktop/spring/project/backend/src/main/java/com/smartcampus/modules/comments/service/CommentService.java:[97,68] cannot find symbol
  symbol:   method getUpdatedAt()
  location: variable comment of type com.smartcampus.modules.comments.entity.Comment
[ERROR] /C:/Users/chani/OneDrive/Desktop/spring/project/backend/src/main/java/com/smartcampus/modules/notifications/service/NotificationService.java:[21,49] cannot find symbol
  symbol:   method builder()
  location: class com.smartcampus.modules.notifications.entity.Notification
[ERROR] /C:/Users/chani/OneDrive/Desktop/spring/project/backend/src/main/java/com/smartcampus/modules/notifications/service/NotificationService.java:[44,21] cannot find symbol
  symbol:   method setRead(boolean)
  location: variable notification of type com.smartcampus.modules.notifications.entity.Notification
[ERROR] /C:/Users/chani/OneDrive/Desktop/spring/project/backend/src/main/java/com/smartcampus/modules/notifications/service/NotificationService.java:[51,30] cannot find symbol
  symbol:   method setRead(boolean)
  location: variable n of type com.smartcampus.modules.notifications.entity.Notification
[ERROR] /C:/Users/chani/OneDrive/Desktop/spring/project/backend/src/main/java/com/smartcampus/modules/notifications/service/NotificationService.java:[56,36] cannot find symbol
  symbol:   method builder()
  location: class com.smartcampus.modules.notifications.dto.NotificationResponse
[ERROR] /C:/Users/chani/OneDrive/Desktop/spring/project/backend/src/main/java/com/smartcampus/modules/notifications/service/NotificationService.java:[57,33] cannot find symbol
  symbol:   method getId()
  location: variable notification of type com.smartcampus.modules.notifications.entity.Notification
[ERROR] /C:/Users/chani/OneDrive/Desktop/spring/project/backend/src/main/java/com/smartcampus/modules/notifications/service/NotificationService.java:[58,36] cannot find symbol
  symbol:   method getTitle()
  location: variable notification of type com.smartcampus.modules.notifications.entity.Notification
[ERROR] /C:/Users/chani/OneDrive/Desktop/spring/project/backend/src/main/java/com/smartcampus/modules/notifications/service/NotificationService.java:[59,38] cannot find symbol
  symbol:   method getMessage()
  location: variable notification of type com.smartcampus.modules.notifications.entity.Notification
[ERROR] /C:/Users/chani/OneDrive/Desktop/spring/project/backend/src/main/java/com/smartcampus/modules/notifications/service/NotificationService.java:[60,37] cannot find symbol
  symbol:   method isRead()
  location: variable notification of type com.smartcampus.modules.notifications.entity.Notification
[ERROR] /C:/Users/chani/OneDrive/Desktop/spring/project/backend/src/main/java/com/smartcampus/modules/notifications/service/NotificationService.java:[61,40] cannot find symbol
  symbol:   method getCreatedAt()
  location: variable notification of type com.smartcampus.modules.notifications.entity.Notification
[ERROR] /C:/Users/chani/OneDrive/Desktop/spring/project/backend/src/main/java/com/smartcampus/modules/notifications/service/NotificationService.java:[61,78] cannot find symbol
  symbol:   method getCreatedAt()
  location: variable notification of type com.smartcampus.modules.notifications.entity.Notification
[ERROR] /C:/Users/chani/OneDrive/Desktop/spring/project/backend/src/main/java/com/smartcampus/modules/tickets/service/TicketService.java:[32,20] cannot find symbol
  symbol:   method getAttachmentUrls()
  location: variable request of type com.smartcampus.modules.tickets.dto.TicketRequest
[ERROR] /C:/Users/chani/OneDrive/Desktop/spring/project/backend/src/main/java/com/smartcampus/modules/tickets/service/TicketService.java:[32,59] cannot find symbol
  symbol:   method getAttachmentUrls()
  location: variable request of type com.smartcampus.modules.tickets.dto.TicketRequest
[ERROR] /C:/Users/chani/OneDrive/Desktop/spring/project/backend/src/main/java/com/smartcampus/modules/tickets/service/TicketService.java:[36,31] cannot find symbol
  symbol:   method builder()
  location: class com.smartcampus.modules.tickets.entity.Ticket
[ERROR] /C:/Users/chani/OneDrive/Desktop/spring/project/backend/src/main/java/com/smartcampus/modules/tickets/service/TicketService.java:[37,31] cannot find symbol
  symbol:   method getTitle()
  location: variable request of type com.smartcampus.modules.tickets.dto.TicketRequest
[ERROR] /C:/Users/chani/OneDrive/Desktop/spring/project/backend/src/main/java/com/smartcampus/modules/tickets/service/TicketService.java:[38,34] cannot find symbol
  symbol:   method getCategory()
  location: variable request of type com.smartcampus.modules.tickets.dto.TicketRequest
[ERROR] /C:/Users/chani/OneDrive/Desktop/spring/project/backend/src/main/java/com/smartcampus/modules/tickets/service/TicketService.java:[39,37] cannot find symbol
  symbol:   method getDescription()
  location: variable request of type com.smartcampus.modules.tickets.dto.TicketRequest
[ERROR] /C:/Users/chani/OneDrive/Desktop/spring/project/backend/src/main/java/com/smartcampus/modules/tickets/service/TicketService.java:[40,48] cannot find symbol
  symbol:   method getPriority()
  location: variable request of type com.smartcampus.modules.tickets.dto.TicketRequest
[ERROR] /C:/Users/chani/OneDrive/Desktop/spring/project/backend/src/main/java/com/smartcampus/modules/tickets/service/TicketService.java:[41,42] cannot find symbol
  symbol:   method getPreferredContact()
  location: variable request of type com.smartcampus.modules.tickets.dto.TicketRequest
[ERROR] /C:/Users/chani/OneDrive/Desktop/spring/project/backend/src/main/java/com/smartcampus/modules/tickets/service/TicketService.java:[42,36] cannot find symbol
  symbol:   method getResourceId()
  location: variable request of type com.smartcampus.modules.tickets.dto.TicketRequest
[ERROR] /C:/Users/chani/OneDrive/Desktop/spring/project/backend/src/main/java/com/smartcampus/modules/tickets/service/TicketService.java:[43,34] cannot find symbol
  symbol:   method getLocation()
  location: variable request of type com.smartcampus.modules.tickets.dto.TicketRequest
[ERROR] /C:/Users/chani/OneDrive/Desktop/spring/project/backend/src/main/java/com/smartcampus/modules/tickets/service/TicketService.java:[44,40] cannot find symbol
  symbol:   method getAttachmentUrls()
  location: variable request of type com.smartcampus.modules.tickets.dto.TicketRequest
[ERROR] /C:/Users/chani/OneDrive/Desktop/spring/project/backend/src/main/java/com/smartcampus/modules/tickets/service/TicketService.java:[89,23] cannot find symbol
  symbol:   method getRole()
  location: variable technician of type com.smartcampus.modules.users.entity.User
[ERROR] /C:/Users/chani/OneDrive/Desktop/spring/project/backend/src/main/java/com/smartcampus/modules/tickets/service/TicketService.java:[89,71] cannot find symbol
  symbol:   method getRole()
  location: variable technician of type com.smartcampus.modules.users.entity.User
[ERROR] /C:/Users/chani/OneDrive/Desktop/spring/project/backend/src/main/java/com/smartcampus/modules/tickets/service/TicketService.java:[93,15] cannot find symbol
  symbol:   method setAssignedTechnicianId(java.lang.String)
  location: variable ticket of type com.smartcampus.modules.tickets.entity.Ticket
[ERROR] /C:/Users/chani/OneDrive/Desktop/spring/project/backend/src/main/java/com/smartcampus/modules/tickets/service/TicketService.java:[94,15] cannot find symbol
  symbol:   method setStatus(com.smartcampus.modules.tickets.entity.Ticket.TicketStatus)
  location: variable ticket of type com.smartcampus.modules.tickets.entity.Ticket
[ERROR] /C:/Users/chani/OneDrive/Desktop/spring/project/backend/src/main/java/com/smartcampus/modules/tickets/service/TicketService.java:[95,15] cannot find symbol
  symbol:   method setUpdatedAt(java.time.LocalDateTime)
  location: variable ticket of type com.smartcampus.modules.tickets.entity.Ticket
[ERROR] /C:/Users/chani/OneDrive/Desktop/spring/project/backend/src/main/java/com/smartcampus/modules/tickets/service/TicketService.java:[100,62] cannot find symbol
  symbol:   method getTitle()
  location: variable ticket of type com.smartcampus.modules.tickets.entity.Ticket
[ERROR] /C:/Users/chani/OneDrive/Desktop/spring/project/backend/src/main/java/com/smartcampus/modules/tickets/service/TicketService.java:[104,75] cannot find symbol
  symbol:   method getTitle()
  location: variable ticket of type com.smartcampus.modules.tickets.entity.Ticket
[ERROR] /C:/Users/chani/OneDrive/Desktop/spring/project/backend/src/main/java/com/smartcampus/modules/tickets/service/TicketService.java:[103,42] cannot find symbol
  symbol:   method getCreatedBy()
  location: variable ticket of type com.smartcampus.modules.tickets.entity.Ticket
[ERROR] /C:/Users/chani/OneDrive/Desktop/spring/project/backend/src/main/java/com/smartcampus/modules/tickets/service/TicketService.java:[120,15] cannot find symbol
  symbol:   method setStatus(com.smartcampus.modules.tickets.entity.Ticket.TicketStatus)
  location: variable ticket of type com.smartcampus.modules.tickets.entity.Ticket
[ERROR] /C:/Users/chani/OneDrive/Desktop/spring/project/backend/src/main/java/com/smartcampus/modules/tickets/service/TicketService.java:[121,15] cannot find symbol
  symbol:   method setUpdatedAt(java.time.LocalDateTime)
  location: variable ticket of type com.smartcampus.modules.tickets.entity.Ticket
[ERROR] /C:/Users/chani/OneDrive/Desktop/spring/project/backend/src/main/java/com/smartcampus/modules/tickets/service/TicketService.java:[126,41] cannot find symbol
  symbol:   method getTitle()
  location: variable ticket of type com.smartcampus.modules.tickets.entity.Ticket
[ERROR] /C:/Users/chani/OneDrive/Desktop/spring/project/backend/src/main/java/com/smartcampus/modules/tickets/service/TicketService.java:[125,42] cannot find symbol
  symbol:   method getCreatedBy()
  location: variable ticket of type com.smartcampus.modules.tickets.entity.Ticket
[ERROR] /C:/Users/chani/OneDrive/Desktop/spring/project/backend/src/main/java/com/smartcampus/modules/tickets/service/TicketService.java:[135,15] cannot find symbol
  symbol:   method setResolutionNotes(java.lang.String)
  location: variable ticket of type com.smartcampus.modules.tickets.entity.Ticket
[ERROR] /C:/Users/chani/OneDrive/Desktop/spring/project/backend/src/main/java/com/smartcampus/modules/tickets/service/TicketService.java:[136,15] cannot find symbol
  symbol:   method setUpdatedAt(java.time.LocalDateTime)
  location: variable ticket of type com.smartcampus.modules.tickets.entity.Ticket
[ERROR] /C:/Users/chani/OneDrive/Desktop/spring/project/backend/src/main/java/com/smartcampus/modules/tickets/service/TicketService.java:[151,19] cannot find symbol
  symbol:   method getResourceId()
  location: variable ticket of type com.smartcampus.modules.tickets.entity.Ticket
[ERROR] /C:/Users/chani/OneDrive/Desktop/spring/project/backend/src/main/java/com/smartcampus/modules/tickets/service/TicketService.java:[152,62] cannot find symbol
  symbol:   method getResourceId()
  location: variable ticket of type com.smartcampus.modules.tickets.entity.Ticket
[ERROR] /C:/Users/chani/OneDrive/Desktop/spring/project/backend/src/main/java/com/smartcampus/modules/tickets/service/TicketService.java:[153,26] invalid method reference
  cannot find symbol
    symbol:   method getName()
    location: class com.smartcampus.modules.resources.entity.Resource
[ERROR] /C:/Users/chani/OneDrive/Desktop/spring/project/backend/src/main/java/com/smartcampus/modules/tickets/service/TicketService.java:[156,62] cannot find symbol
  symbol:   method getCreatedBy()
  location: variable ticket of type com.smartcampus.modules.tickets.entity.Ticket
[ERROR] /C:/Users/chani/OneDrive/Desktop/spring/project/backend/src/main/java/com/smartcampus/modules/tickets/service/TicketService.java:[157,22] invalid method reference
  cannot find symbol
    symbol:   method getFullName()
    location: class com.smartcampus.modules.users.entity.User
[ERROR] /C:/Users/chani/OneDrive/Desktop/spring/project/backend/src/main/java/com/smartcampus/modules/tickets/service/TicketService.java:[160,19] cannot find symbol
  symbol:   method getAssignedTechnicianId()
  location: variable ticket of type com.smartcampus.modules.tickets.entity.Ticket
[ERROR] /C:/Users/chani/OneDrive/Desktop/spring/project/backend/src/main/java/com/smartcampus/modules/tickets/service/TicketService.java:[161,54] cannot find symbol
  symbol:   method getAssignedTechnicianId()
  location: variable ticket of type com.smartcampus.modules.tickets.entity.Ticket
[ERROR] /C:/Users/chani/OneDrive/Desktop/spring/project/backend/src/main/java/com/smartcampus/modules/tickets/service/TicketService.java:[162,26] invalid method reference
  cannot find symbol
    symbol:   method getFullName()
    location: class com.smartcampus.modules.users.entity.User
[ERROR] /C:/Users/chani/OneDrive/Desktop/spring/project/backend/src/main/java/com/smartcampus/modules/tickets/service/TicketService.java:[165,30] cannot find symbol
  symbol:   method builder()
  location: class com.smartcampus.modules.tickets.dto.TicketResponse
[ERROR] /C:/Users/chani/OneDrive/Desktop/spring/project/backend/src/main/java/com/smartcampus/modules/tickets/service/TicketService.java:[166,27] cannot find symbol
  symbol:   method getId()
  location: variable ticket of type com.smartcampus.modules.tickets.entity.Ticket
[ERROR] /C:/Users/chani/OneDrive/Desktop/spring/project/backend/src/main/java/com/smartcampus/modules/tickets/service/TicketService.java:[167,30] cannot find symbol
  symbol:   method getTitle()
  location: variable ticket of type com.smartcampus.modules.tickets.entity.Ticket
[ERROR] /C:/Users/chani/OneDrive/Desktop/spring/project/backend/src/main/java/com/smartcampus/modules/tickets/service/TicketService.java:[168,33] cannot find symbol
  symbol:   method getCategory()
  location: variable ticket of type com.smartcampus.modules.tickets.entity.Ticket
[ERROR] /C:/Users/chani/OneDrive/Desktop/spring/project/backend/src/main/java/com/smartcampus/modules/tickets/service/TicketService.java:[169,36] cannot find symbol
  symbol:   method getDescription()
  location: variable ticket of type com.smartcampus.modules.tickets.entity.Ticket
[ERROR] /C:/Users/chani/OneDrive/Desktop/spring/project/backend/src/main/java/com/smartcampus/modules/tickets/service/TicketService.java:[170,33] cannot find symbol
  symbol:   method getPriority()
  location: variable ticket of type com.smartcampus.modules.tickets.entity.Ticket
[ERROR] /C:/Users/chani/OneDrive/Desktop/spring/project/backend/src/main/java/com/smartcampus/modules/tickets/service/TicketService.java:[171,41] cannot find symbol
  symbol:   method getPreferredContact()
  location: variable ticket of type com.smartcampus.modules.tickets.entity.Ticket
[ERROR] /C:/Users/chani/OneDrive/Desktop/spring/project/backend/src/main/java/com/smartcampus/modules/tickets/service/TicketService.java:[172,35] cannot find symbol
  symbol:   method getResourceId()
  location: variable ticket of type com.smartcampus.modules.tickets.entity.Ticket
[ERROR] /C:/Users/chani/OneDrive/Desktop/spring/project/backend/src/main/java/com/smartcampus/modules/tickets/service/TicketService.java:[174,33] cannot find symbol
  symbol:   method getLocation()
  location: variable ticket of type com.smartcampus.modules.tickets.entity.Ticket
[ERROR] /C:/Users/chani/OneDrive/Desktop/spring/project/backend/src/main/java/com/smartcampus/modules/tickets/service/TicketService.java:[175,39] cannot find symbol
  symbol:   method getAttachmentUrls()
  location: variable ticket of type com.smartcampus.modules.tickets.entity.Ticket
[ERROR] /C:/Users/chani/OneDrive/Desktop/spring/project/backend/src/main/java/com/smartcampus/modules/tickets/service/TicketService.java:[176,45] cannot find symbol
  symbol:   method getAssignedTechnicianId()
  location: variable ticket of type com.smartcampus.modules.tickets.entity.Ticket
[ERROR] /C:/Users/chani/OneDrive/Desktop/spring/project/backend/src/main/java/com/smartcampus/modules/tickets/service/TicketService.java:[178,40] cannot find symbol
  symbol:   method getResolutionNotes()
  location: variable ticket of type com.smartcampus.modules.tickets.entity.Ticket
[ERROR] /C:/Users/chani/OneDrive/Desktop/spring/project/backend/src/main/java/com/smartcampus/modules/tickets/service/TicketService.java:[179,31] cannot find symbol
  symbol:   method getStatus()
  location: variable ticket of type com.smartcampus.modules.tickets.entity.Ticket
[ERROR] /C:/Users/chani/OneDrive/Desktop/spring/project/backend/src/main/java/com/smartcampus/modules/tickets/service/TicketService.java:[180,34] cannot find symbol
  symbol:   method getCreatedBy()
  location: variable ticket of type com.smartcampus.modules.tickets.entity.Ticket
[ERROR] /C:/Users/chani/OneDrive/Desktop/spring/project/backend/src/main/java/com/smartcampus/modules/tickets/service/TicketService.java:[182,34] cannot find symbol
  symbol:   method getCreatedAt()
  location: variable ticket of type com.smartcampus.modules.tickets.entity.Ticket
[ERROR] /C:/Users/chani/OneDrive/Desktop/spring/project/backend/src/main/java/com/smartcampus/modules/tickets/service/TicketService.java:[182,66] cannot find symbol
  symbol:   method getCreatedAt()
  location: variable ticket of type com.smartcampus.modules.tickets.entity.Ticket
[ERROR] /C:/Users/chani/OneDrive/Desktop/spring/project/backend/src/main/java/com/smartcampus/modules/tickets/service/TicketService.java:[183,34] cannot find symbol
  symbol:   method getUpdatedAt()
  location: variable ticket of type com.smartcampus.modules.tickets.entity.Ticket
[ERROR] /C:/Users/chani/OneDrive/Desktop/spring/project/backend/src/main/java/com/smartcampus/modules/tickets/service/TicketService.java:[183,66] cannot find symbol
  symbol:   method getUpdatedAt()
  location: variable ticket of type com.smartcampus.modules.tickets.entity.Ticket
[ERROR] /C:/Users/chani/OneDrive/Desktop/spring/project/backend/src/main/java/com/smartcampus/common/dto/ApiResponse.java:[23,27] cannot find symbol
  symbol:   method <T>builder()
  location: class com.smartcampus.common.dto.ApiResponse
[ERROR] /C:/Users/chani/OneDrive/Desktop/spring/project/backend/src/main/java/com/smartcampus/common/dto/ApiResponse.java:[32,27] cannot find symbol
  symbol:   method <T>builder()
  location: class com.smartcampus.common.dto.ApiResponse
[ERROR] /C:/Users/chani/OneDrive/Desktop/spring/project/backend/src/main/java/com/smartcampus/common/dto/ApiResponse.java:[41,27] cannot find symbol
  symbol:   method <T>builder()
  location: class com.smartcampus.common.dto.ApiResponse
[ERROR] /C:/Users/chani/OneDrive/Desktop/spring/project/backend/src/main/java/com/smartcampus/modules/resources/service/ResourceService.java:[23,37] cannot find symbol
  symbol:   method builder()
  location: class com.smartcampus.modules.resources.entity.Resource
[ERROR] /C:/Users/chani/OneDrive/Desktop/spring/project/backend/src/main/java/com/smartcampus/modules/resources/service/ResourceService.java:[24,30] cannot find symbol
  symbol:   method getName()
  location: variable request of type com.smartcampus.modules.resources.dto.ResourceRequest
[ERROR] /C:/Users/chani/OneDrive/Desktop/spring/project/backend/src/main/java/com/smartcampus/modules/resources/service/ResourceService.java:[25,40] cannot find symbol
  symbol:   method getType()
  location: variable request of type com.smartcampus.modules.resources.dto.ResourceRequest
[ERROR] /C:/Users/chani/OneDrive/Desktop/spring/project/backend/src/main/java/com/smartcampus/modules/resources/service/ResourceService.java:[26,34] cannot find symbol
  symbol:   method getCapacity()
  location: variable request of type com.smartcampus.modules.resources.dto.ResourceRequest
[ERROR] /C:/Users/chani/OneDrive/Desktop/spring/project/backend/src/main/java/com/smartcampus/modules/resources/service/ResourceService.java:[27,34] cannot find symbol
  symbol:   method getLocation()
  location: variable request of type com.smartcampus.modules.resources.dto.ResourceRequest
[ERROR] /C:/Users/chani/OneDrive/Desktop/spring/project/backend/src/main/java/com/smartcampus/modules/resources/service/ResourceService.java:[28,44] cannot find symbol
  symbol:   method getStatus()
  location: variable request of type com.smartcampus.modules.resources.dto.ResourceRequest
[ERROR] /C:/Users/chani/OneDrive/Desktop/spring/project/backend/src/main/java/com/smartcampus/modules/resources/service/ResourceService.java:[29,37] cannot find symbol
  symbol:   method getDescription()
  location: variable request of type com.smartcampus.modules.resources.dto.ResourceRequest
[ERROR] /C:/Users/chani/OneDrive/Desktop/spring/project/backend/src/main/java/com/smartcampus/modules/resources/service/ResourceService.java:[42,33] cannot find symbol
  symbol:   method getName()
  location: variable request of type com.smartcampus.modules.resources.dto.ResourceRequest
[ERROR] /C:/Users/chani/OneDrive/Desktop/spring/project/backend/src/main/java/com/smartcampus/modules/resources/service/ResourceService.java:[43,43] cannot find symbol
  symbol:   method getType()
  location: variable request of type com.smartcampus.modules.resources.dto.ResourceRequest
[ERROR] /C:/Users/chani/OneDrive/Desktop/spring/project/backend/src/main/java/com/smartcampus/modules/resources/service/ResourceService.java:[44,37] cannot find symbol
  symbol:   method getCapacity()
  location: variable request of type com.smartcampus.modules.resources.dto.ResourceRequest
[ERROR] /C:/Users/chani/OneDrive/Desktop/spring/project/backend/src/main/java/com/smartcampus/modules/resources/service/ResourceService.java:[45,37] cannot find symbol
  symbol:   method getLocation()
  location: variable request of type com.smartcampus.modules.resources.dto.ResourceRequest
[ERROR] /C:/Users/chani/OneDrive/Desktop/spring/project/backend/src/main/java/com/smartcampus/modules/resources/service/ResourceService.java:[46,47] cannot find symbol
  symbol:   method getStatus()
  location: variable request of type com.smartcampus.modules.resources.dto.ResourceRequest
[ERROR] /C:/Users/chani/OneDrive/Desktop/spring/project/backend/src/main/java/com/smartcampus/modules/resources/service/ResourceService.java:[47,40] cannot find symbol
  symbol:   method getDescription()
  location: variable request of type com.smartcampus.modules.resources.dto.ResourceRequest
[INFO] 100 errors 
[INFO] -------------------------------------------------------------
[INFO] ------------------------------------------------------------------------
[INFO] BUILD FAILURE
[INFO] ------------------------------------------------------------------------
[INFO] Total time:  6.693 s
[INFO] Finished at: 2026-04-06T12:23:37+05:30
[INFO] ------------------------------------------------------------------------
[ERROR] Failed to execute goal org.apache.maven.plugins:maven-compiler-plugin:3.11.0:compile (default-compile) on project smart-campus-hub: Compilation failure: Compilation failure: 
[ERROR] /C:/Users/chani/OneDrive/Desktop/spring/project/backend/src/main/java/com/smartcampus/modules/comments/service/CommentService.java:[32,58] cannot find symbol
[ERROR]   symbol:   method getTicketId()
[ERROR]   location: variable request of type com.smartcampus.modules.comments.dto.CommentRequest
[ERROR] /C:/Users/chani/OneDrive/Desktop/spring/project/backend/src/main/java/com/smartcampus/modules/comments/service/CommentService.java:[35,34] cannot find symbol
[ERROR]   symbol:   method builder()
[ERROR]   location: class com.smartcampus.modules.comments.entity.Comment
[ERROR] /C:/Users/chani/OneDrive/Desktop/spring/project/backend/src/main/java/com/smartcampus/modules/comments/service/CommentService.java:[36,34] cannot find symbol
[ERROR]   symbol:   method getTicketId()
[ERROR]   location: variable request of type com.smartcampus.modules.comments.dto.CommentRequest
[ERROR] /C:/Users/chani/OneDrive/Desktop/spring/project/backend/src/main/java/com/smartcampus/modules/comments/service/CommentService.java:[38,33] cannot find symbol
[ERROR]   symbol:   method getMessage()
[ERROR]   location: variable request of type com.smartcampus.modules.comments.dto.CommentRequest
[ERROR] /C:/Users/chani/OneDrive/Desktop/spring/project/backend/src/main/java/com/smartcampus/modules/comments/service/CommentService.java:[46,20] cannot find symbol
[ERROR]   symbol:   method getCreatedBy()
[ERROR]   location: variable ticket of type com.smartcampus.modules.tickets.entity.Ticket
[ERROR] /C:/Users/chani/OneDrive/Desktop/spring/project/backend/src/main/java/com/smartcampus/modules/comments/service/CommentService.java:[48,26] invalid method reference
[ERROR]   cannot find symbol
[ERROR]     symbol:   method getFullName()
[ERROR]     location: class com.smartcampus.modules.users.entity.User
[ERROR] /C:/Users/chani/OneDrive/Desktop/spring/project/backend/src/main/java/com/smartcampus/modules/comments/service/CommentService.java:[50,72] cannot find symbol
[ERROR]   symbol:   method getTitle()
[ERROR]   location: variable ticket of type com.smartcampus.modules.tickets.entity.Ticket
[ERROR] /C:/Users/chani/OneDrive/Desktop/spring/project/backend/src/main/java/com/smartcampus/modules/comments/service/CommentService.java:[49,46] cannot find symbol
[ERROR]   symbol:   method getCreatedBy()
[ERROR]   location: variable ticket of type com.smartcampus.modules.tickets.entity.Ticket
[ERROR] /C:/Users/chani/OneDrive/Desktop/spring/project/backend/src/main/java/com/smartcampus/modules/comments/service/CommentService.java:[65,21] cannot find symbol
[ERROR]   symbol:   method getAuthorId()
[ERROR]   location: variable comment of type com.smartcampus.modules.comments.entity.Comment
[ERROR] /C:/Users/chani/OneDrive/Desktop/spring/project/backend/src/main/java/com/smartcampus/modules/comments/service/CommentService.java:[69,16] cannot find symbol
[ERROR]   symbol:   method setMessage(java.lang.String)
[ERROR]   location: variable comment of type com.smartcampus.modules.comments.entity.Comment
[ERROR] /C:/Users/chani/OneDrive/Desktop/spring/project/backend/src/main/java/com/smartcampus/modules/comments/service/CommentService.java:[70,16] cannot find symbol
[ERROR]   symbol:   method setUpdatedAt(java.time.LocalDateTime)
[ERROR]   location: variable comment of type com.smartcampus.modules.comments.entity.Comment
[ERROR] /C:/Users/chani/OneDrive/Desktop/spring/project/backend/src/main/java/com/smartcampus/modules/comments/service/CommentService.java:[79,21] cannot find symbol
[ERROR]   symbol:   method getAuthorId()
[ERROR]   location: variable comment of type com.smartcampus.modules.comments.entity.Comment
[ERROR] /C:/Users/chani/OneDrive/Desktop/spring/project/backend/src/main/java/com/smartcampus/modules/comments/service/CommentService.java:[87,60] cannot find symbol
[ERROR]   symbol:   method getAuthorId()
[ERROR]   location: variable comment of type com.smartcampus.modules.comments.entity.Comment
[ERROR] /C:/Users/chani/OneDrive/Desktop/spring/project/backend/src/main/java/com/smartcampus/modules/comments/service/CommentService.java:[88,22] invalid method reference
[ERROR]   cannot find symbol
[ERROR]     symbol:   method getFullName()
[ERROR]     location: class com.smartcampus.modules.users.entity.User
[ERROR] /C:/Users/chani/OneDrive/Desktop/spring/project/backend/src/main/java/com/smartcampus/modules/comments/service/CommentService.java:[90,31] cannot find symbol
[ERROR]   symbol:   method builder()
[ERROR]   location: class com.smartcampus.modules.comments.dto.CommentResponse
[ERROR] /C:/Users/chani/OneDrive/Desktop/spring/project/backend/src/main/java/com/smartcampus/modules/comments/service/CommentService.java:[91,28] cannot find symbol
[ERROR]   symbol:   method getId()
[ERROR]   location: variable comment of type com.smartcampus.modules.comments.entity.Comment
[ERROR] /C:/Users/chani/OneDrive/Desktop/spring/project/backend/src/main/java/com/smartcampus/modules/comments/service/CommentService.java:[92,34] cannot find symbol
[ERROR]   symbol:   method getTicketId()
[ERROR]   location: variable comment of type com.smartcampus.modules.comments.entity.Comment
[ERROR] /C:/Users/chani/OneDrive/Desktop/spring/project/backend/src/main/java/com/smartcampus/modules/comments/service/CommentService.java:[93,34] cannot find symbol
[ERROR]   symbol:   method getAuthorId()
[ERROR]   location: variable comment of type com.smartcampus.modules.comments.entity.Comment
[ERROR] /C:/Users/chani/OneDrive/Desktop/spring/project/backend/src/main/java/com/smartcampus/modules/comments/service/CommentService.java:[95,33] cannot find symbol
[ERROR]   symbol:   method getMessage()
[ERROR]   location: variable comment of type com.smartcampus.modules.comments.entity.Comment
[ERROR] /C:/Users/chani/OneDrive/Desktop/spring/project/backend/src/main/java/com/smartcampus/modules/comments/service/CommentService.java:[96,35] cannot find symbol
[ERROR]   symbol:   method getCreatedAt()
[ERROR]   location: variable comment of type com.smartcampus.modules.comments.entity.Comment
[ERROR] /C:/Users/chani/OneDrive/Desktop/spring/project/backend/src/main/java/com/smartcampus/modules/comments/service/CommentService.java:[96,68] cannot find symbol
[ERROR]   symbol:   method getCreatedAt()
[ERROR]   location: variable comment of type com.smartcampus.modules.comments.entity.Comment
[ERROR] /C:/Users/chani/OneDrive/Desktop/spring/project/backend/src/main/java/com/smartcampus/modules/comments/service/CommentService.java:[97,35] cannot find symbol
[ERROR]   symbol:   method getUpdatedAt()
[ERROR]   location: variable comment of type com.smartcampus.modules.comments.entity.Comment
[ERROR] /C:/Users/chani/OneDrive/Desktop/spring/project/backend/src/main/java/com/smartcampus/modules/comments/service/CommentService.java:[97,68] cannot find symbol
[ERROR]   symbol:   method getUpdatedAt()
[ERROR]   location: variable comment of type com.smartcampus.modules.comments.entity.Comment
[ERROR] /C:/Users/chani/OneDrive/Desktop/spring/project/backend/src/main/java/com/smartcampus/modules/notifications/service/NotificationService.java:[21,49] cannot find symbol
[ERROR]   symbol:   method builder()
[ERROR]   location: class com.smartcampus.modules.notifications.entity.Notification
[ERROR] /C:/Users/chani/OneDrive/Desktop/spring/project/backend/src/main/java/com/smartcampus/modules/notifications/service/NotificationService.java:[44,21] cannot find symbol
[ERROR]   symbol:   method setRead(boolean)
[ERROR]   location: variable notification of type com.smartcampus.modules.notifications.entity.Notification
[ERROR] /C:/Users/chani/OneDrive/Desktop/spring/project/backend/src/main/java/com/smartcampus/modules/notifications/service/NotificationService.java:[51,30] cannot find symbol
[ERROR]   symbol:   method setRead(boolean)
[ERROR]   location: variable n of type com.smartcampus.modules.notifications.entity.Notification
[ERROR] /C:/Users/chani/OneDrive/Desktop/spring/project/backend/src/main/java/com/smartcampus/modules/notifications/service/NotificationService.java:[56,36] cannot find symbol
[ERROR]   symbol:   method builder()
[ERROR]   location: class com.smartcampus.modules.notifications.dto.NotificationResponse
[ERROR] /C:/Users/chani/OneDrive/Desktop/spring/project/backend/src/main/java/com/smartcampus/modules/notifications/service/NotificationService.java:[57,33] cannot find symbol
[ERROR]   symbol:   method getId()
[ERROR]   location: variable notification of type com.smartcampus.modules.notifications.entity.Notification
[ERROR] /C:/Users/chani/OneDrive/Desktop/spring/project/backend/src/main/java/com/smartcampus/modules/notifications/service/NotificationService.java:[58,36] cannot find symbol
[ERROR]   symbol:   method getTitle()
[ERROR]   location: variable notification of type com.smartcampus.modules.notifications.entity.Notification
[ERROR] /C:/Users/chani/OneDrive/Desktop/spring/project/backend/src/main/java/com/smartcampus/modules/notifications/service/NotificationService.java:[59,38] cannot find symbol
[ERROR]   symbol:   method getMessage()
[ERROR]   location: variable notification of type com.smartcampus.modules.notifications.entity.Notification
[ERROR] /C:/Users/chani/OneDrive/Desktop/spring/project/backend/src/main/java/com/smartcampus/modules/notifications/service/NotificationService.java:[60,37] cannot find symbol
[ERROR]   symbol:   method isRead()
[ERROR]   location: variable notification of type com.smartcampus.modules.notifications.entity.Notification
[ERROR] /C:/Users/chani/OneDrive/Desktop/spring/project/backend/src/main/java/com/smartcampus/modules/notifications/service/NotificationService.java:[61,40] cannot find symbol
[ERROR]   symbol:   method getCreatedAt()
[ERROR]   location: variable notification of type com.smartcampus.modules.notifications.entity.Notification
[ERROR] /C:/Users/chani/OneDrive/Desktop/spring/project/backend/src/main/java/com/smartcampus/modules/notifications/service/NotificationService.java:[61,78] cannot find symbol
[ERROR]   symbol:   method getCreatedAt()
[ERROR]   location: variable notification of type com.smartcampus.modules.notifications.entity.Notification
[ERROR] /C:/Users/chani/OneDrive/Desktop/spring/project/backend/src/main/java/com/smartcampus/modules/tickets/service/TicketService.java:[32,20] cannot find symbol
[ERROR]   symbol:   method getAttachmentUrls()
[ERROR]   location: variable request of type com.smartcampus.modules.tickets.dto.TicketRequest
[ERROR] /C:/Users/chani/OneDrive/Desktop/spring/project/backend/src/main/java/com/smartcampus/modules/tickets/service/TicketService.java:[32,59] cannot find symbol
[ERROR]   symbol:   method getAttachmentUrls()
[ERROR]   location: variable request of type com.smartcampus.modules.tickets.dto.TicketRequest
[ERROR] /C:/Users/chani/OneDrive/Desktop/spring/project/backend/src/main/java/com/smartcampus/modules/tickets/service/TicketService.java:[36,31] cannot find symbol
[ERROR]   symbol:   method builder()
[ERROR]   location: class com.smartcampus.modules.tickets.entity.Ticket
[ERROR] /C:/Users/chani/OneDrive/Desktop/spring/project/backend/src/main/java/com/smartcampus/modules/tickets/service/TicketService.java:[37,31] cannot find symbol
[ERROR]   symbol:   method getTitle()
[ERROR]   location: variable request of type com.smartcampus.modules.tickets.dto.TicketRequest
[ERROR] /C:/Users/chani/OneDrive/Desktop/spring/project/backend/src/main/java/com/smartcampus/modules/tickets/service/TicketService.java:[38,34] cannot find symbol
[ERROR]   symbol:   method getCategory()
[ERROR]   location: variable request of type com.smartcampus.modules.tickets.dto.TicketRequest
[ERROR] /C:/Users/chani/OneDrive/Desktop/spring/project/backend/src/main/java/com/smartcampus/modules/tickets/service/TicketService.java:[39,37] cannot find symbol
[ERROR]   symbol:   method getDescription()
[ERROR]   location: variable request of type com.smartcampus.modules.tickets.dto.TicketRequest
[ERROR] /C:/Users/chani/OneDrive/Desktop/spring/project/backend/src/main/java/com/smartcampus/modules/tickets/service/TicketService.java:[40,48] cannot find symbol
[ERROR]   symbol:   method getPriority()
[ERROR]   location: variable request of type com.smartcampus.modules.tickets.dto.TicketRequest
[ERROR] /C:/Users/chani/OneDrive/Desktop/spring/project/backend/src/main/java/com/smartcampus/modules/tickets/service/TicketService.java:[41,42] cannot find symbol
[ERROR]   symbol:   method getPreferredContact()
[ERROR]   location: variable request of type com.smartcampus.modules.tickets.dto.TicketRequest
[ERROR] /C:/Users/chani/OneDrive/Desktop/spring/project/backend/src/main/java/com/smartcampus/modules/tickets/service/TicketService.java:[42,36] cannot find symbol
[ERROR]   symbol:   method getResourceId()
[ERROR]   location: variable request of type com.smartcampus.modules.tickets.dto.TicketRequest
[ERROR] /C:/Users/chani/OneDrive/Desktop/spring/project/backend/src/main/java/com/smartcampus/modules/tickets/service/TicketService.java:[43,34] cannot find symbol
[ERROR]   symbol:   method getLocation()
[ERROR]   location: variable request of type com.smartcampus.modules.tickets.dto.TicketRequest
[ERROR] /C:/Users/chani/OneDrive/Desktop/spring/project/backend/src/main/java/com/smartcampus/modules/tickets/service/TicketService.java:[44,40] cannot find symbol
[ERROR]   symbol:   method getAttachmentUrls()
[ERROR]   location: variable request of type com.smartcampus.modules.tickets.dto.TicketRequest
[ERROR] /C:/Users/chani/OneDrive/Desktop/spring/project/backend/src/main/java/com/smartcampus/modules/tickets/service/TicketService.java:[89,23] cannot find symbol
[ERROR]   symbol:   method getRole()
[ERROR]   location: variable technician of type com.smartcampus.modules.users.entity.User
[ERROR] /C:/Users/chani/OneDrive/Desktop/spring/project/backend/src/main/java/com/smartcampus/modules/tickets/service/TicketService.java:[89,71] cannot find symbol
[ERROR]   symbol:   method getRole()
[ERROR]   location: variable technician of type com.smartcampus.modules.users.entity.User
[ERROR] /C:/Users/chani/OneDrive/Desktop/spring/project/backend/src/main/java/com/smartcampus/modules/tickets/service/TicketService.java:[93,15] cannot find symbol
[ERROR]   symbol:   method setAssignedTechnicianId(java.lang.String)
[ERROR]   location: variable ticket of type com.smartcampus.modules.tickets.entity.Ticket
[ERROR] /C:/Users/chani/OneDrive/Desktop/spring/project/backend/src/main/java/com/smartcampus/modules/tickets/service/TicketService.java:[94,15] cannot find symbol
[ERROR]   symbol:   method setStatus(com.smartcampus.modules.tickets.entity.Ticket.TicketStatus)
[ERROR]   location: variable ticket of type com.smartcampus.modules.tickets.entity.Ticket
[ERROR] /C:/Users/chani/OneDrive/Desktop/spring/project/backend/src/main/java/com/smartcampus/modules/tickets/service/TicketService.java:[95,15] cannot find symbol
[ERROR]   symbol:   method setUpdatedAt(java.time.LocalDateTime)
[ERROR]   location: variable ticket of type com.smartcampus.modules.tickets.entity.Ticket
[ERROR] /C:/Users/chani/OneDrive/Desktop/spring/project/backend/src/main/java/com/smartcampus/modules/tickets/service/TicketService.java:[100,62] cannot find symbol
[ERROR]   symbol:   method getTitle()
[ERROR]   location: variable ticket of type com.smartcampus.modules.tickets.entity.Ticket
[ERROR] /C:/Users/chani/OneDrive/Desktop/spring/project/backend/src/main/java/com/smartcampus/modules/tickets/service/TicketService.java:[104,75] cannot find symbol
[ERROR]   symbol:   method getTitle()
[ERROR]   location: variable ticket of type com.smartcampus.modules.tickets.entity.Ticket
[ERROR] /C:/Users/chani/OneDrive/Desktop/spring/project/backend/src/main/java/com/smartcampus/modules/tickets/service/TicketService.java:[103,42] cannot find symbol
[ERROR]   symbol:   method getCreatedBy()
[ERROR]   location: variable ticket of type com.smartcampus.modules.tickets.entity.Ticket
[ERROR] /C:/Users/chani/OneDrive/Desktop/spring/project/backend/src/main/java/com/smartcampus/modules/tickets/service/TicketService.java:[120,15] cannot find symbol
[ERROR]   symbol:   method setStatus(com.smartcampus.modules.tickets.entity.Ticket.TicketStatus)
[ERROR]   location: variable ticket of type com.smartcampus.modules.tickets.entity.Ticket
[ERROR] /C:/Users/chani/OneDrive/Desktop/spring/project/backend/src/main/java/com/smartcampus/modules/tickets/service/TicketService.java:[121,15] cannot find symbol
[ERROR]   symbol:   method setUpdatedAt(java.time.LocalDateTime)
[ERROR]   location: variable ticket of type com.smartcampus.modules.tickets.entity.Ticket
[ERROR] /C:/Users/chani/OneDrive/Desktop/spring/project/backend/src/main/java/com/smartcampus/modules/tickets/service/TicketService.java:[126,41] cannot find symbol
[ERROR]   symbol:   method getTitle()
[ERROR]   location: variable ticket of type com.smartcampus.modules.tickets.entity.Ticket
[ERROR] /C:/Users/chani/OneDrive/Desktop/spring/project/backend/src/main/java/com/smartcampus/modules/tickets/service/TicketService.java:[125,42] cannot find symbol
[ERROR]   symbol:   method getCreatedBy()
[ERROR]   location: variable ticket of type com.smartcampus.modules.tickets.entity.Ticket
[ERROR] /C:/Users/chani/OneDrive/Desktop/spring/project/backend/src/main/java/com/smartcampus/modules/tickets/service/TicketService.java:[135,15] cannot find symbol
[ERROR]   symbol:   method setResolutionNotes(java.lang.String)
[ERROR]   location: variable ticket of type com.smartcampus.modules.tickets.entity.Ticket
[ERROR] /C:/Users/chani/OneDrive/Desktop/spring/project/backend/src/main/java/com/smartcampus/modules/tickets/service/TicketService.java:[136,15] cannot find symbol
[ERROR]   symbol:   method setUpdatedAt(java.time.LocalDateTime)
[ERROR]   location: variable ticket of type com.smartcampus.modules.tickets.entity.Ticket
[ERROR] /C:/Users/chani/OneDrive/Desktop/spring/project/backend/src/main/java/com/smartcampus/modules/tickets/service/TicketService.java:[151,19] cannot find symbol
[ERROR]   symbol:   method getResourceId()
[ERROR]   location: variable ticket of type com.smartcampus.modules.tickets.entity.Ticket
[ERROR] /C:/Users/chani/OneDrive/Desktop/spring/project/backend/src/main/java/com/smartcampus/modules/tickets/service/TicketService.java:[152,62] cannot find symbol
[ERROR]   symbol:   method getResourceId()
[ERROR]   location: variable ticket of type com.smartcampus.modules.tickets.entity.Ticket
[ERROR] /C:/Users/chani/OneDrive/Desktop/spring/project/backend/src/main/java/com/smartcampus/modules/tickets/service/TicketService.java:[153,26] invalid method reference
[ERROR]   cannot find symbol
[ERROR]     symbol:   method getName()
[ERROR]     location: class com.smartcampus.modules.resources.entity.Resource
[ERROR] /C:/Users/chani/OneDrive/Desktop/spring/project/backend/src/main/java/com/smartcampus/modules/tickets/service/TicketService.java:[156,62] cannot find symbol
[ERROR]   symbol:   method getCreatedBy()
[ERROR]   location: variable ticket of type com.smartcampus.modules.tickets.entity.Ticket
[ERROR] /C:/Users/chani/OneDrive/Desktop/spring/project/backend/src/main/java/com/smartcampus/modules/tickets/service/TicketService.java:[157,22] invalid method reference
[ERROR]   cannot find symbol
[ERROR]     symbol:   method getFullName()
[ERROR]     location: class com.smartcampus.modules.users.entity.User
[ERROR] /C:/Users/chani/OneDrive/Desktop/spring/project/backend/src/main/java/com/smartcampus/modules/tickets/service/TicketService.java:[160,19] cannot find symbol
[ERROR]   symbol:   method getAssignedTechnicianId()
[ERROR]   location: variable ticket of type com.smartcampus.modules.tickets.entity.Ticket
[ERROR] /C:/Users/chani/OneDrive/Desktop/spring/project/backend/src/main/java/com/smartcampus/modules/tickets/service/TicketService.java:[161,54] cannot find symbol
[ERROR]   symbol:   method getAssignedTechnicianId()
[ERROR]   location: variable ticket of type com.smartcampus.modules.tickets.entity.Ticket
[ERROR] /C:/Users/chani/OneDrive/Desktop/spring/project/backend/src/main/java/com/smartcampus/modules/tickets/service/TicketService.java:[162,26] invalid method reference
[ERROR]   cannot find symbol
[ERROR]     symbol:   method getFullName()
[ERROR]     location: class com.smartcampus.modules.users.entity.User
[ERROR] /C:/Users/chani/OneDrive/Desktop/spring/project/backend/src/main/java/com/smartcampus/modules/tickets/service/TicketService.java:[165,30] cannot find symbol
[ERROR]   symbol:   method builder()
[ERROR]   location: class com.smartcampus.modules.tickets.dto.TicketResponse
[ERROR] /C:/Users/chani/OneDrive/Desktop/spring/project/backend/src/main/java/com/smartcampus/modules/tickets/service/TicketService.java:[166,27] cannot find symbol
[ERROR]   symbol:   method getId()
[ERROR]   location: variable ticket of type com.smartcampus.modules.tickets.entity.Ticket
[ERROR] /C:/Users/chani/OneDrive/Desktop/spring/project/backend/src/main/java/com/smartcampus/modules/tickets/service/TicketService.java:[167,30] cannot find symbol
[ERROR]   symbol:   method getTitle()
[ERROR]   location: variable ticket of type com.smartcampus.modules.tickets.entity.Ticket
[ERROR] /C:/Users/chani/OneDrive/Desktop/spring/project/backend/src/main/java/com/smartcampus/modules/tickets/service/TicketService.java:[168,33] cannot find symbol
[ERROR]   symbol:   method getCategory()
[ERROR]   location: variable ticket of type com.smartcampus.modules.tickets.entity.Ticket
[ERROR] /C:/Users/chani/OneDrive/Desktop/spring/project/backend/src/main/java/com/smartcampus/modules/tickets/service/TicketService.java:[169,36] cannot find symbol
[ERROR]   symbol:   method getDescription()
[ERROR]   location: variable ticket of type com.smartcampus.modules.tickets.entity.Ticket
[ERROR] /C:/Users/chani/OneDrive/Desktop/spring/project/backend/src/main/java/com/smartcampus/modules/tickets/service/TicketService.java:[170,33] cannot find symbol
[ERROR]   symbol:   method getPriority()
[ERROR]   location: variable ticket of type com.smartcampus.modules.tickets.entity.Ticket
[ERROR] /C:/Users/chani/OneDrive/Desktop/spring/project/backend/src/main/java/com/smartcampus/modules/tickets/service/TicketService.java:[171,41] cannot find symbol
[ERROR]   symbol:   method getPreferredContact()
[ERROR]   location: variable ticket of type com.smartcampus.modules.tickets.entity.Ticket
[ERROR] /C:/Users/chani/OneDrive/Desktop/spring/project/backend/src/main/java/com/smartcampus/modules/tickets/service/TicketService.java:[172,35] cannot find symbol
[ERROR]   symbol:   method getResourceId()
[ERROR]   location: variable ticket of type com.smartcampus.modules.tickets.entity.Ticket
[ERROR] /C:/Users/chani/OneDrive/Desktop/spring/project/backend/src/main/java/com/smartcampus/modules/tickets/service/TicketService.java:[174,33] cannot find symbol
[ERROR]   symbol:   method getLocation()
[ERROR]   location: variable ticket of type com.smartcampus.modules.tickets.entity.Ticket
[ERROR] /C:/Users/chani/OneDrive/Desktop/spring/project/backend/src/main/java/com/smartcampus/modules/tickets/service/TicketService.java:[175,39] cannot find symbol
[ERROR]   symbol:   method getAttachmentUrls()
[ERROR]   location: variable ticket of type com.smartcampus.modules.tickets.entity.Ticket
[ERROR] /C:/Users/chani/OneDrive/Desktop/spring/project/backend/src/main/java/com/smartcampus/modules/tickets/service/TicketService.java:[176,45] cannot find symbol
[ERROR]   symbol:   method getAssignedTechnicianId()
[ERROR]   location: variable ticket of type com.smartcampus.modules.tickets.entity.Ticket
[ERROR] /C:/Users/chani/OneDrive/Desktop/spring/project/backend/src/main/java/com/smartcampus/modules/tickets/service/TicketService.java:[178,40] cannot find symbol
[ERROR]   symbol:   method getResolutionNotes()
[ERROR]   location: variable ticket of type com.smartcampus.modules.tickets.entity.Ticket
[ERROR] /C:/Users/chani/OneDrive/Desktop/spring/project/backend/src/main/java/com/smartcampus/modules/tickets/service/TicketService.java:[179,31] cannot find symbol
[ERROR]   symbol:   method getStatus()
[ERROR]   location: variable ticket of type com.smartcampus.modules.tickets.entity.Ticket
[ERROR] /C:/Users/chani/OneDrive/Desktop/spring/project/backend/src/main/java/com/smartcampus/modules/tickets/service/TicketService.java:[180,34] cannot find symbol
[ERROR]   symbol:   method getCreatedBy()
[ERROR]   location: variable ticket of type com.smartcampus.modules.tickets.entity.Ticket
[ERROR] /C:/Users/chani/OneDrive/Desktop/spring/project/backend/src/main/java/com/smartcampus/modules/tickets/service/TicketService.java:[182,34] cannot find symbol
[ERROR]   symbol:   method getCreatedAt()
[ERROR]   location: variable ticket of type com.smartcampus.modules.tickets.entity.Ticket
[ERROR] /C:/Users/chani/OneDrive/Desktop/spring/project/backend/src/main/java/com/smartcampus/modules/tickets/service/TicketService.java:[182,66] cannot find symbol
[ERROR]   symbol:   method getCreatedAt()
[ERROR]   location: variable ticket of type com.smartcampus.modules.tickets.entity.Ticket
[ERROR] /C:/Users/chani/OneDrive/Desktop/spring/project/backend/src/main/java/com/smartcampus/modules/tickets/service/TicketService.java:[183,34] cannot find symbol
[ERROR]   symbol:   method getUpdatedAt()
[ERROR]   location: variable ticket of type com.smartcampus.modules.tickets.entity.Ticket
[ERROR] /C:/Users/chani/OneDrive/Desktop/spring/project/backend/src/main/java/com/smartcampus/modules/tickets/service/TicketService.java:[183,66] cannot find symbol
[ERROR]   symbol:   method getUpdatedAt()
[ERROR]   location: variable ticket of type com.smartcampus.modules.tickets.entity.Ticket
[ERROR] /C:/Users/chani/OneDrive/Desktop/spring/project/backend/src/main/java/com/smartcampus/common/dto/ApiResponse.java:[23,27] cannot find symbol
[ERROR]   symbol:   method <T>builder()
[ERROR]   location: class com.smartcampus.common.dto.ApiResponse
[ERROR] /C:/Users/chani/OneDrive/Desktop/spring/project/backend/src/main/java/com/smartcampus/common/dto/ApiResponse.java:[32,27] cannot find symbol
[ERROR]   symbol:   method <T>builder()
[ERROR]   location: class com.smartcampus.common.dto.ApiResponse
[ERROR] /C:/Users/chani/OneDrive/Desktop/spring/project/backend/src/main/java/com/smartcampus/common/dto/ApiResponse.java:[41,27] cannot find symbol
[ERROR]   symbol:   method <T>builder()
[ERROR]   location: class com.smartcampus.common.dto.ApiResponse
[ERROR] /C:/Users/chani/OneDrive/Desktop/spring/project/backend/src/main/java/com/smartcampus/modules/resources/service/ResourceService.java:[23,37] cannot find symbol
[ERROR]   symbol:   method builder()
[ERROR]   location: class com.smartcampus.modules.resources.entity.Resource
[ERROR] /C:/Users/chani/OneDrive/Desktop/spring/project/backend/src/main/java/com/smartcampus/modules/resources/service/ResourceService.java:[24,30] cannot find symbol
[ERROR]   symbol:   method getName()
[ERROR]   location: variable request of type com.smartcampus.modules.resources.dto.ResourceRequest
[ERROR] /C:/Users/chani/OneDrive/Desktop/spring/project/backend/src/main/java/com/smartcampus/modules/resources/service/ResourceService.java:[25,40] cannot find symbol
[ERROR]   symbol:   method getType()
[ERROR]   location: variable request of type com.smartcampus.modules.resources.dto.ResourceRequest
[ERROR] /C:/Users/chani/OneDrive/Desktop/spring/project/backend/src/main/java/com/smartcampus/modules/resources/service/ResourceService.java:[26,34] cannot find symbol
[ERROR]   symbol:   method getCapacity()
[ERROR]   location: variable request of type com.smartcampus.modules.resources.dto.ResourceRequest
[ERROR] /C:/Users/chani/OneDrive/Desktop/spring/project/backend/src/main/java/com/smartcampus/modules/resources/service/ResourceService.java:[27,34] cannot find symbol
[ERROR]   symbol:   method getLocation()
[ERROR]   location: variable request of type com.smartcampus.modules.resources.dto.ResourceRequest
[ERROR] /C:/Users/chani/OneDrive/Desktop/spring/project/backend/src/main/java/com/smartcampus/modules/resources/service/ResourceService.java:[28,44] cannot find symbol
[ERROR]   symbol:   method getStatus()
[ERROR]   location: variable request of type com.smartcampus.modules.resources.dto.ResourceRequest
[ERROR] /C:/Users/chani/OneDrive/Desktop/spring/project/backend/src/main/java/com/smartcampus/modules/resources/service/ResourceService.java:[29,37] cannot find symbol
[ERROR]   symbol:   method getDescription()
[ERROR]   location: variable request of type com.smartcampus.modules.resources.dto.ResourceRequest
[ERROR] /C:/Users/chani/OneDrive/Desktop/spring/project/backend/src/main/java/com/smartcampus/modules/resources/service/ResourceService.java:[42,33] cannot find symbol
[ERROR]   symbol:   method getName()
[ERROR]   location: variable request of type com.smartcampus.modules.resources.dto.ResourceRequest
[ERROR] /C:/Users/chani/OneDrive/Desktop/spring/project/backend/src/main/java/com/smartcampus/modules/resources/service/ResourceService.java:[43,43] cannot find symbol
[ERROR]   symbol:   method getType()
[ERROR]   location: variable request of type com.smartcampus.modules.resources.dto.ResourceRequest
[ERROR] /C:/Users/chani/OneDrive/Desktop/spring/project/backend/src/main/java/com/smartcampus/modules/resources/service/ResourceService.java:[44,37] cannot find symbol
[ERROR]   symbol:   method getCapacity()
[ERROR]   location: variable request of type com.smartcampus.modules.resources.dto.ResourceRequest
[ERROR] /C:/Users/chani/OneDrive/Desktop/spring/project/backend/src/main/java/com/smartcampus/modules/resources/service/ResourceService.java:[45,37] cannot find symbol
[ERROR]   symbol:   method getLocation()
[ERROR]   location: variable request of type com.smartcampus.modules.resources.dto.ResourceRequest
[ERROR] /C:/Users/chani/OneDrive/Desktop/spring/project/backend/src/main/java/com/smartcampus/modules/resources/service/ResourceService.java:[46,47] cannot find symbol
[ERROR]   symbol:   method getStatus()
[ERROR]   location: variable request of type com.smartcampus.modules.resources.dto.ResourceRequest
[ERROR] /C:/Users/chani/OneDrive/Desktop/spring/project/backend/src/main/java/com/smartcampus/modules/resources/service/ResourceService.java:[47,40] cannot find symbol
[ERROR]   symbol:   method getDescription()
[ERROR]   location: variable request of type com.smartcampus.modules.resources.dto.ResourceRequest
[ERROR] -> [Help 1]
[ERROR] 
[ERROR] To see the full stack trace of the errors, re-run Maven with the -e switch.
[ERROR] Re-run Maven using the -X switch to enable full debug logging.
[ERROR] 
[ERROR] For more information about the errors and possible solutions, please read the following articles:
[ERROR] [Help 1] http://cwiki.apache.org/confluence/display/MAVEN/MojoFailureException
